H:\FalconCloud\Server\src\main\java\dev\MrFlyn\FalconServer\ShutDownHook.java
H:\FalconCloud\Server\src\main\java\dev\MrFlyn\FalconServer\ServerHandlers\PayloadHandler.java
H:\FalconCloud\Server\src\main\java\dev\MrFlyn\FalconServer\ServerHandlers\ServerType.java
H:\FalconCloud\Server\src\main\java\dev\MrFlyn\FalconServer\Main.java
H:\FalconCloud\Server\src\main\java\dev\MrFlyn\FalconServer\ServerHandlers\FalconClient.java
H:\FalconCloud\Server\src\main\java\dev\MrFlyn\FalconServer\ServerHandlers\ServerHandler.java
H:\FalconCloud\Server\src\main\java\dev\MrFlyn\FalconServer\Commands.java
H:\FalconCloud\Server\src\main\java\dev\MrFlyn\FalconServer\ServerHandlers\PacketFormatter.java
H:\FalconCloud\Server\src\main\java\dev\MrFlyn\FalconServer\ServerHandlers\FalconServer.java
H:\FalconCloud\Server\src\main\java\dev\MrFlyn\FalconServer\Utils\Player.java
H:\FalconCloud\Server\src\main\java\dev\MrFlyn\FalconServer\Utils\ConsoleSpamHandler.java
H:\FalconCloud\Server\src\main\java\dev\MrFlyn\FalconServer\ServerHandlers\DeAuthTask.java
H:\FalconCloud\Server\src\main\java\dev\MrFlyn\FalconServer\ServerHandlers\ServerInitializer.java
H:\FalconCloud\Server\src\main\java\dev\MrFlyn\FalconServer\MainConfig.java
