H:\VecLink\Server\src\main\java\dev\MrFlyn\veclinkserver\MainConfig.java
H:\VecLink\Server\src\main\java\dev\MrFlyn\veclinkserver\ServerHandlers\VecLinkClient.java
H:\VecLink\Server\src\main\java\dev\MrFlyn\veclinkserver\Commands.java
H:\VecLink\Server\src\main\java\dev\MrFlyn\veclinkserver\ServerHandlers\VecLinkServer.java
H:\VecLink\Server\src\main\java\dev\MrFlyn\veclinkserver\ShutDownHook.java
H:\VecLink\Server\src\main\java\dev\MrFlyn\veclinkserver\Main.java
H:\VecLink\Server\src\main\java\dev\MrFlyn\veclinkserver\ServerHandlers\ServerInitializer.java
H:\VecLink\Server\src\main\java\dev\MrFlyn\veclinkserver\Utils\ConsoleSpamHandler.java
H:\VecLink\Server\src\main\java\dev\MrFlyn\veclinkserver\ServerHandlers\DeAuthTask.java
H:\VecLink\Server\src\main\java\dev\MrFlyn\veclinkserver\parties\Party.java
H:\VecLink\Server\src\main\java\dev\MrFlyn\veclinkserver\Utils\Player.java
H:\VecLink\Server\src\main\java\dev\MrFlyn\veclinkserver\ServerHandlers\PayloadHandler.java
H:\VecLink\Server\src\main\java\dev\MrFlyn\veclinkserver\ServerHandlers\PacketFormatter.java
H:\VecLink\Server\src\main\java\dev\MrFlyn\veclinkserver\ServerHandlers\ServerHandler.java
