H:\VecLink\Server\src\main\java\dev\mrflyn\veclinkserver\MainConfig.java
H:\VecLink\Server\src\main\java\dev\mrflyn\veclinkserver\Utils\DiscordVerificationHandler.java
H:\VecLink\Server\src\main\java\dev\mrflyn\veclinkserver\ServerHandlers\VecLinkClient.java
H:\VecLink\Server\src\main\java\dev\mrflyn\veclinkserver\Commands.java
H:\VecLink\Server\src\main\java\dev\mrflyn\veclinkserver\ServerHandlers\VecLinkServer.java
H:\VecLink\Server\src\main\java\dev\mrflyn\veclinkserver\ShutDownHook.java
H:\VecLink\Server\src\main\java\dev\mrflyn\veclinkserver\Main.java
H:\VecLink\Server\src\main\java\dev\mrflyn\veclinkserver\databases\SQLite.java
H:\VecLink\Server\src\main\java\dev\mrflyn\veclinkserver\ServerHandlers\ServerInitializer.java
H:\VecLink\Server\src\main\java\dev\mrflyn\veclinkserver\Utils\ConsoleSpamHandler.java
H:\VecLink\Server\src\main\java\dev\mrflyn\veclinkserver\ServerHandlers\DeAuthTask.java
H:\VecLink\Server\src\main\java\dev\mrflyn\veclinkserver\parties\Party.java
H:\VecLink\Server\src\main\java\dev\mrflyn\veclinkserver\databases\MySQL.java
H:\VecLink\Server\src\main\java\dev\mrflyn\veclinkserver\databases\PostgreSQL.java
H:\VecLink\Server\src\main\java\dev\mrflyn\veclinkserver\ServerHandlers\PayloadHandler.java
H:\VecLink\Server\src\main\java\dev\mrflyn\veclinkserver\ServerHandlers\PacketFormatter.java
H:\VecLink\Server\src\main\java\dev\mrflyn\veclinkserver\ServerHandlers\ServerHandler.java
